chr1	236260648	236260654	chr1_236260603_164	EMX1.sam	517	1	236260603	GCAGGTGGCCAGGGGTGACTCAGAATGGAGCAGGTGGCCAGGGGTGACTC	160	4	164	25.2982212813	314	4	318	35.4400902933	133	26	58.804761712	18.5089768011										EMX1_U2OS	EMX1	GAGTCCGAGCAGAAGAAGAANGG
chr1	236260691	236260709	chr1_236260677_32	EMX1.sam	518	1	236260677	GACTCAGAATGGAGCAGGTGACCAGGGGTGACTCAGAATGGAGCAGGTGA	7	25	32	13.2287565553	31	28	59	29.4618397253	14	17	15.4272486205	9.32693602086										EMX1_U2OS	EMX1	GAGTCCGAGCAGAAGAAGAANGG
chr2	9877830	9877831	chr2_9877830_36	EMX1.sam	3108	2	9877830	CAGTACCTCCCACTCCCCCAGTGCCCCCCACTCCTCCTAGTACCCCCATT	36	0	36	0.0	39	0	39	0.0	6	27	12.7279220614	1.6996731712										EMX1_U2OS	EMX1	GAGTCCGAGCAGAAGAAGAANGG
