e5b7a9b887ecead4a44de490cf9dff2a  EMX1_backgroundFiltered.txt
dc7b726532518eaa1933086e41277c61  VEGFA_site1_backgroundFiltered.txt
fe98c1eb14adbe175a70ecc0b9b452dc  VEGFA_site2_backgroundFiltered.txt
1533f99dcd11f332e32a655ba25a6efc  VEGFA_site3_backgroundFiltered.txt
