chr1	236260648	236260654	chr1_236260643_273	VEGFA_site3.sam	455	1	236260643	GGGGTGACTCAGAATGGAGCAGGCGACCAGGGGTGACTCAGAATGGAGCA	35	238	273	91.2688336728	35	239	274	91.4603739332	6	260	39.4968353163	11.292504645										VEGFA_site3_U2OS	VEGFA_site3	GGTGAGTGAGTGTGTGCGTGNGG
chr1	236260691	236260709	chr1_236260699_88	VEGFA_site3.sam	456	1	236260699	CAGGGGTGACTCAGAATGGAGCAGGTGACCAGGGGAATAGACGTTAACTA	16	72	88	33.941125497	102	171	273	132.068164218	27	58	39.5727178748	9.71494545992										VEGFA_site3_U2OS	VEGFA_site3	GGTGAGTGAGTGTGTGCGTGNGG
chr2	242838693	242838704	chr2_242838710_5	VEGFA_site3.sam	3057	2	242838710	GTGTGGGTGTTGGGGTGTGTGTGTTGGGGTGTGGGTGTGGGGGTGTGGGT	4	1	5	2.0	4	2	6	2.82842712475	3	2	2.44948974278	6.11228271597	GGGGTGTGGGTGTGGGGGTGTGG	5	23	chr2	242838710	242838733	chr2_242838710_5	1	+	VEGFA_site3_U2OS	VEGFA_site3	GGTGAGTGAGTGTGTGCGTGNGG
