chr1	236260648	236260649	chr1_236260619_18	VEGFA_site1.sam	841	1	236260619	GACTCAGAATGGAGCAGGTGGCCAGGGGTGACTCAGAATGGAGCAGGCGA	18	0	18	0.0	19	0	19	0.0	5	12	7.74596669241	13.0478700783										VEGFA_site1_U2OS	VEGFA_site1	GGGTGGGGGGAGTTTGCTCCNGG
chr1	236260691	236260709	chr1_236260693_19	VEGFA_site1.sam	843	1	236260693	GGTGACCAGGGGTGACTCAGAATGGAGCAGGTGACCAGGGGAATAGACGT	0	19	19	0.0	0	25	25	0.0	11	8	9.38083151965	8.38152730712										VEGFA_site1_U2OS	VEGFA_site1	GGGTGGGGGGAGTTTGCTCCNGG
chr2	9877830	9877831	chr2_9877830_119	VEGFA_site1.sam	4347	2	9877830	CAGTACCTCCCACTCCCCCAGTGCCCCCCACTCCTCCTAGTACCCCCATT	119	0	119	0.0	617	0	617	0.0	33	81	51.7010638188	1.0										VEGFA_site1_U2OS	VEGFA_site1	GGGTGGGGGGAGTTTGCTCCNGG
