chr1	121485100	121485106	chr1_121485107_44	VEGFA_site2.sam	1168	1	121485107	ACAGATGAATTCTCAGTAACTTCCTTGTGTTGTGTGTATTCAACTCACAG	30	14	44	20.4939015319	76	36	112	52.3067873225	20	23	21.4476105895	9.2269064409										VEGFA_site2_U2OS	VEGFA_site2	GACCCCCTCCACCCCGCCTCNGG
chr2	9877830	9877831	chr2_9877830_133	VEGFA_site2.sam	11661	2	9877830	CAGTACCTCCCACTCCCCCAGTGCCCCCCACTCCTCCTAGTACCCCCATT	133	0	133	0.0	297	0	297	0.0	33	96	56.2849891179	0.816496580928										VEGFA_site2_U2OS	VEGFA_site2	GACCCCCTCCACCCCGCCTCNGG
